/shared/projects/hepattn/.pixi/envs/default/lib/python3.12/site-packages/lightning/pytorch/cli.py:544: LightningCLI's args parameter is intended to run from within Python like if it were from the command line. To prevent mistakes it is not recommended to provide both args and command line arguments, got: sys.argv[1:]=['/shared/projects/hepattn/src/hepattn/experiments/trackml/logs/TRK-Pix0.6-DQMA-paper_20261002-T123110/ckpts/epoch=029-val_loss=0.29318.ckpt', '20', 'flash.yaml', 'flex.yaml'], args=['--config', 'flash.yaml'].
Seed set to 42
Using bfloat16 Automatic Mixed Precision (AMP)
GPU available: True (cuda), used: True
TPU available: False, using: 0 TPU cores
HPU available: False, using: 0 HPUs
Using hit eval dataset /eos/user/l/ljohnson/datasets/TrackML_UCL/filter_evals/eta4pt600/epoch=070-val_loss=0.20153_train_eval.h5
Using hit eval dataset /eos/user/l/ljohnson/datasets/TrackML_UCL/filter_evals/eta4pt600/epoch=070-val_loss=0.20153_val_eval.h5
Created training dataset with 8,543 events
Created validation dataset with 100 events
/shared/projects/hepattn/.pixi/envs/default/lib/python3.12/site-packages/torch/_inductor/compile_fx.py:312: UserWarning: TensorFloat32 tensor cores for float32 matrix multiplication available but not enabled. Consider setting `torch.set_float32_matmul_precision('high')` for better performance.
  warnings.warn(
/shared/projects/hepattn/.pixi/envs/default/lib/python3.12/site-packages/lightning/pytorch/cli.py:544: LightningCLI's args parameter is intended to run from within Python like if it were from the command line. To prevent mistakes it is not recommended to provide both args and command line arguments, got: sys.argv[1:]=['/shared/projects/hepattn/src/hepattn/experiments/trackml/logs/TRK-Pix0.6-DQMA-paper_20261002-T123110/ckpts/epoch=029-val_loss=0.29318.ckpt', '20', 'flash.yaml', 'flex.yaml'], args=['--config', 'flex.yaml'].
Seed set to 42
Using bfloat16 Automatic Mixed Precision (AMP)
GPU available: True (cuda), used: True
TPU available: False, using: 0 TPU cores
HPU available: False, using: 0 HPUs
Using hit eval dataset /eos/user/l/ljohnson/datasets/TrackML_UCL/filter_evals/eta4pt600/epoch=070-val_loss=0.20153_train_eval.h5
Using hit eval dataset /eos/user/l/ljohnson/datasets/TrackML_UCL/filter_evals/eta4pt600/epoch=070-val_loss=0.20153_val_eval.h5
Created training dataset with 8,543 events
Created validation dataset with 100 events
event  0: encoder output rel. diff flash.yaml vs flex.yaml: 6.18e-02   loss 0.3782 vs 0.3769
event  1: encoder output rel. diff flash.yaml vs flex.yaml: 6.02e-02   loss 0.2879 vs 0.2919
event  2: encoder output rel. diff flash.yaml vs flex.yaml: 6.05e-02   loss 0.3191 vs 0.3164
event  3: encoder output rel. diff flash.yaml vs flex.yaml: 6.13e-02   loss 0.3481 vs 0.3537
event  4: encoder output rel. diff flash.yaml vs flex.yaml: 5.91e-02   loss 0.3221 vs 0.3257
event  5: encoder output rel. diff flash.yaml vs flex.yaml: 6.21e-02   loss 0.3373 vs 0.3444
event  6: encoder output rel. diff flash.yaml vs flex.yaml: 6.08e-02   loss 0.3545 vs 0.3407
event  7: encoder output rel. diff flash.yaml vs flex.yaml: 6.15e-02   loss 0.3547 vs 0.3589
event  8: encoder output rel. diff flash.yaml vs flex.yaml: 6.04e-02   loss 0.2828 vs 0.2849
event  9: encoder output rel. diff flash.yaml vs flex.yaml: 5.88e-02   loss 0.2895 vs 0.2923
event 10: encoder output rel. diff flash.yaml vs flex.yaml: 6.10e-02   loss 0.3759 vs 0.3688
event 11: encoder output rel. diff flash.yaml vs flex.yaml: 5.99e-02   loss 0.3064 vs 0.3119
event 12: encoder output rel. diff flash.yaml vs flex.yaml: 5.90e-02   loss 0.2569 vs 0.2590
event 13: encoder output rel. diff flash.yaml vs flex.yaml: 6.21e-02   loss 0.3068 vs 0.3109
event 14: encoder output rel. diff flash.yaml vs flex.yaml: 6.43e-02   loss 0.3596 vs 0.3527
event 15: encoder output rel. diff flash.yaml vs flex.yaml: 6.00e-02   loss 0.3060 vs 0.3168
event 16: encoder output rel. diff flash.yaml vs flex.yaml: 6.00e-02   loss 0.2951 vs 0.2951
event 17: encoder output rel. diff flash.yaml vs flex.yaml: 6.22e-02   loss 0.2990 vs 0.3056
event 18: encoder output rel. diff flash.yaml vs flex.yaml: 5.77e-02   loss 0.2744 vs 0.2809
event 19: encoder output rel. diff flash.yaml vs flex.yaml: 6.05e-02   loss 0.3733 vs 0.3627
mean loss over 20 events: flash.yaml 0.3214   flex.yaml 0.3225
